[INFO] Scanning for projects...
[INFO] 
[INFO] -------------------< com.example:student-course-app >-------------------
[INFO] Building  0.0.1-SNAPSHOT
[INFO]   from pom.xml
[INFO] --------------------------------[ jar ]---------------------------------
[INFO] 
[INFO] --- clean:3.3.2:clean (default-clean) @ student-course-app ---
[INFO] Deleting /home/narendra/Documents/BITS/student-course-app/target
[INFO] 
[INFO] --- resources:3.3.1:resources (default-resources) @ student-course-app ---
[INFO] Copying 1 resource from src/main/resources to target/classes
[INFO] Copying 0 resource from src/main/resources to target/classes
[INFO] 
[INFO] --- compiler:3.11.0:compile (default-compile) @ student-course-app ---
[INFO] Changes detected - recompiling the module! :source
[INFO] Compiling 16 source files with javac [debug release 17] to target/classes
[INFO] 
[INFO] --- resources:3.3.1:testResources (default-testResources) @ student-course-app ---
[INFO] Copying 1 resource from src/test/resources to target/test-classes
[INFO] 
[INFO] --- compiler:3.11.0:testCompile (default-testCompile) @ student-course-app ---
[INFO] Changes detected - recompiling the module! :dependency
[INFO] Compiling 3 source files with javac [debug release 17] to target/test-classes
[INFO] 
[INFO] --- surefire:3.1.2:test (default-test) @ student-course-app ---
[INFO] Using auto detected provider org.apache.maven.surefire.junitplatform.JUnitPlatformProvider
[INFO] 
[INFO] -------------------------------------------------------
[INFO]  T E S T S
[INFO] -------------------------------------------------------
[INFO] Running com.example.student_course_app.repository.RepositoryTests
11:42:53.557 [main] INFO org.springframework.test.context.support.AnnotationConfigContextLoaderUtils -- Could not detect default configuration classes for test class [com.example.student_course_app.repository.RepositoryTests]: RepositoryTests does not declare any static, non-private, non-final, nested classes annotated with @Configuration.
11:42:53.675 [main] INFO org.springframework.boot.test.context.SpringBootTestContextBootstrapper -- Found @SpringBootConfiguration com.example.student_course_app.StudentCourseAppApplication for test class com.example.student_course_app.repository.RepositoryTests

  .   ____          _            __ _ _
 /\\ / ___'_ __ _ _(_)_ __  __ _ \ \ \ \
( ( )\___ | '_ | '_| | '_ \/ _` | \ \ \ \
 \\/  ___)| |_)| | | | | || (_| |  ) ) ) )
  '  |____| .__|_| |_|_| |_\__, | / / / /
 =========|_|==============|___/=/_/_/_/
 :: Spring Boot ::                (v3.2.5)

2026-05-02T11:42:54.053+05:30  INFO 26496 --- [           main] c.e.s.repository.RepositoryTests         : Starting RepositoryTests using Java 17.0.18 with PID 26496 (started by narendra in /home/narendra/Documents/BITS/student-course-app)
2026-05-02T11:42:54.055+05:30  INFO 26496 --- [           main] c.e.s.repository.RepositoryTests         : No active profile set, falling back to 1 default profile: "default"
2026-05-02T11:42:54.411+05:30  INFO 26496 --- [           main] .s.d.r.c.RepositoryConfigurationDelegate : Bootstrapping Spring Data JPA repositories in DEFAULT mode.
2026-05-02T11:42:54.476+05:30  INFO 26496 --- [           main] .s.d.r.c.RepositoryConfigurationDelegate : Finished Spring Data repository scanning in 57 ms. Found 2 JPA repository interfaces.
2026-05-02T11:42:54.536+05:30  INFO 26496 --- [           main] beddedDataSourceBeanFactoryPostProcessor : Replacing 'dataSource' DataSource bean with embedded version
2026-05-02T11:42:54.704+05:30  INFO 26496 --- [           main] o.s.j.d.e.EmbeddedDatabaseFactory        : Starting embedded database: url='jdbc:h2:mem:2ddc1804-b9af-40f1-b4e0-873fd0391144;DB_CLOSE_DELAY=-1;DB_CLOSE_ON_EXIT=false', username='sa'
2026-05-02T11:42:54.983+05:30  INFO 26496 --- [           main] o.hibernate.jpa.internal.util.LogHelper  : HHH000204: Processing PersistenceUnitInfo [name: default]
2026-05-02T11:42:55.038+05:30  INFO 26496 --- [           main] org.hibernate.Version                    : HHH000412: Hibernate ORM core version 6.4.4.Final
2026-05-02T11:42:55.079+05:30  INFO 26496 --- [           main] o.h.c.internal.RegionFactoryInitiator    : HHH000026: Second-level cache disabled
2026-05-02T11:42:55.297+05:30  INFO 26496 --- [           main] o.s.o.j.p.SpringPersistenceUnitInfo      : No LoadTimeWeaver setup: ignoring JPA class transformer
2026-05-02T11:42:56.202+05:30  INFO 26496 --- [           main] o.h.e.t.j.p.i.JtaPlatformInitiator       : HHH000489: No JTA platform available (set 'hibernate.transaction.jta.platform' to enable JTA platform integration)
Hibernate: 
    create table courses (
        id bigint generated by default as identity,
        code varchar(10) not null,
        credits integer check ((credits<=6) and (credits>=1)),
        description varchar(255),
        name varchar(100) not null,
        primary key (id)
    )
Hibernate: 
    create table student_courses (
        student_id bigint not null,
        course_id bigint not null,
        primary key (student_id, course_id)
    )
Hibernate: 
    create table students (
        id bigint generated by default as identity,
        age integer check ((age>=18) and (age<=100)),
        department varchar(255) not null,
        email varchar(255) not null,
        name varchar(50) not null,
        primary key (id)
    )
Hibernate: 
    alter table if exists courses 
       drop constraint if exists UK_61og8rbqdd2y28rx2et5fdnxd
Hibernate: 
    alter table if exists courses 
       add constraint UK_61og8rbqdd2y28rx2et5fdnxd unique (code)
Hibernate: 
    alter table if exists courses 
       drop constraint if exists UK_5o6x4fpafbywj4v2g0owhh11r
Hibernate: 
    alter table if exists courses 
       add constraint UK_5o6x4fpafbywj4v2g0owhh11r unique (name)
Hibernate: 
    alter table if exists students 
       drop constraint if exists UK_e2rndfrsx22acpq2ty1caeuyw
Hibernate: 
    alter table if exists students 
       add constraint UK_e2rndfrsx22acpq2ty1caeuyw unique (email)
Hibernate: 
    alter table if exists student_courses 
       add constraint FKsfpq78oyrqua1h0obpl7ulc18 
       foreign key (course_id) 
       references courses
Hibernate: 
    alter table if exists student_courses 
       add constraint FKwj1l0mta35u161acdl2tupoo 
       foreign key (student_id) 
       references students
2026-05-02T11:42:56.269+05:30  INFO 26496 --- [           main] j.LocalContainerEntityManagerFactoryBean : Initialized JPA EntityManagerFactory for persistence unit 'default'
2026-05-02T11:42:56.630+05:30  INFO 26496 --- [           main] c.e.s.repository.RepositoryTests         : Started RepositoryTests in 2.895 seconds (process running for 3.768)
OpenJDK 64-Bit Server VM warning: Sharing is only supported for boot loader classes because bootstrap classpath has been appended
Hibernate: 
    insert 
    into
        students
        (age, department, email, name, id) 
    values
        (?, ?, ?, ?, default)
Hibernate: 
    insert 
    into
        courses
        (code, credits, description, name, id) 
    values
        (?, ?, ?, ?, default)
Hibernate: 
    insert 
    into
        student_courses
        (student_id, course_id) 
    values
        (?, ?)
Hibernate: 
    select
        c1_0.id,
        c1_0.code,
        c1_0.credits,
        c1_0.description,
        c1_0.name 
    from
        courses c1_0 
    left join
        student_courses s1_0 
            on c1_0.id=s1_0.course_id 
    where
        s1_0.student_id=?
Hibernate: 
    insert 
    into
        courses
        (code, credits, description, name, id) 
    values
        (?, ?, ?, ?, default)
Hibernate: 
    insert 
    into
        students
        (age, department, email, name, id) 
    values
        (?, ?, ?, ?, default)
Hibernate: 
    insert 
    into
        student_courses
        (student_id, course_id) 
    values
        (?, ?)
Hibernate: 
    select
        s1_0.id,
        s1_0.age,
        s1_0.department,
        s1_0.email,
        s1_0.name 
    from
        students s1_0 
    left join
        student_courses c1_0 
            on s1_0.id=c1_0.student_id 
    where
        c1_0.course_id=?
Hibernate: 
    insert 
    into
        students
        (age, department, email, name, id) 
    values
        (?, ?, ?, ?, default)
Hibernate: 
    select
        s1_0.id,
        s1_0.age,
        s1_0.department,
        s1_0.email,
        s1_0.name 
    from
        students s1_0 
    where
        s1_0.email=?
[INFO] Tests run: 3, Failures: 0, Errors: 0, Skipped: 0, Time elapsed: 3.993 s -- in com.example.student_course_app.repository.RepositoryTests
[INFO] Running com.example.student_course_app.StudentCourseAppApplicationTests
2026-05-02T11:42:57.399+05:30  INFO 26496 --- [           main] t.c.s.AnnotationConfigContextLoaderUtils : Could not detect default configuration classes for test class [com.example.student_course_app.StudentCourseAppApplicationTests]: StudentCourseAppApplicationTests does not declare any static, non-private, non-final, nested classes annotated with @Configuration.
2026-05-02T11:42:57.405+05:30  INFO 26496 --- [           main] .b.t.c.SpringBootTestContextBootstrapper : Found @SpringBootConfiguration com.example.student_course_app.StudentCourseAppApplication for test class com.example.student_course_app.StudentCourseAppApplicationTests

  .   ____          _            __ _ _
 /\\ / ___'_ __ _ _(_)_ __  __ _ \ \ \ \
( ( )\___ | '_ | '_| | '_ \/ _` | \ \ \ \
 \\/  ___)| |_)| | | | | || (_| |  ) ) ) )
  '  |____| .__|_| |_|_| |_\__, | / / / /
 =========|_|==============|___/=/_/_/_/
 :: Spring Boot ::                (v3.2.5)

2026-05-02T11:42:57.446+05:30  INFO 26496 --- [           main] c.e.s.StudentCourseAppApplicationTests   : Starting StudentCourseAppApplicationTests using Java 17.0.18 with PID 26496 (started by narendra in /home/narendra/Documents/BITS/student-course-app)
2026-05-02T11:42:57.446+05:30  INFO 26496 --- [           main] c.e.s.StudentCourseAppApplicationTests   : The following 1 profile is active: "test"
2026-05-02T11:42:57.717+05:30  INFO 26496 --- [           main] .s.d.r.c.RepositoryConfigurationDelegate : Bootstrapping Spring Data JPA repositories in DEFAULT mode.
2026-05-02T11:42:57.725+05:30  INFO 26496 --- [           main] .s.d.r.c.RepositoryConfigurationDelegate : Finished Spring Data repository scanning in 8 ms. Found 2 JPA repository interfaces.
2026-05-02T11:42:57.890+05:30  INFO 26496 --- [           main] o.hibernate.jpa.internal.util.LogHelper  : HHH000204: Processing PersistenceUnitInfo [name: default]
2026-05-02T11:42:57.891+05:30  INFO 26496 --- [           main] o.h.c.internal.RegionFactoryInitiator    : HHH000026: Second-level cache disabled
2026-05-02T11:42:57.895+05:30  INFO 26496 --- [           main] o.s.o.j.p.SpringPersistenceUnitInfo      : No LoadTimeWeaver setup: ignoring JPA class transformer
2026-05-02T11:42:57.897+05:30  INFO 26496 --- [           main] com.zaxxer.hikari.HikariDataSource       : HikariPool-1 - Starting...
2026-05-02T11:42:57.910+05:30  INFO 26496 --- [           main] com.zaxxer.hikari.pool.HikariPool        : HikariPool-1 - Added connection conn6: url=jdbc:h2:mem:testdb user=SA
2026-05-02T11:42:57.914+05:30  INFO 26496 --- [           main] com.zaxxer.hikari.HikariDataSource       : HikariPool-1 - Start completed.
2026-05-02T11:42:57.920+05:30  WARN 26496 --- [           main] org.hibernate.orm.deprecation            : HHH90000025: H2Dialect does not need to be specified explicitly using 'hibernate.dialect' (remove the property setting and it will be selected by default)
2026-05-02T11:42:57.986+05:30  INFO 26496 --- [           main] o.h.e.t.j.p.i.JtaPlatformInitiator       : HHH000489: No JTA platform available (set 'hibernate.transaction.jta.platform' to enable JTA platform integration)
Hibernate: 
    drop table if exists courses cascade 
Hibernate: 
    drop table if exists student_courses cascade 
Hibernate: 
    drop table if exists students cascade 
Hibernate: 
    create table courses (
        credits integer check ((credits<=6) and (credits>=1)),
        id bigint generated by default as identity,
        code varchar(10) not null unique,
        name varchar(100) not null unique,
        description varchar(255),
        primary key (id)
    )
Hibernate: 
    create table student_courses (
        course_id bigint not null,
        student_id bigint not null,
        primary key (course_id, student_id)
    )
Hibernate: 
    create table students (
        age integer check ((age>=18) and (age<=100)),
        id bigint generated by default as identity,
        name varchar(50) not null,
        department varchar(255) not null,
        email varchar(255) not null unique,
        primary key (id)
    )
Hibernate: 
    alter table if exists student_courses 
       add constraint FKsfpq78oyrqua1h0obpl7ulc18 
       foreign key (course_id) 
       references courses
Hibernate: 
    alter table if exists student_courses 
       add constraint FKwj1l0mta35u161acdl2tupoo 
       foreign key (student_id) 
       references students
2026-05-02T11:42:58.004+05:30  INFO 26496 --- [           main] j.LocalContainerEntityManagerFactoryBean : Initialized JPA EntityManagerFactory for persistence unit 'default'
2026-05-02T11:42:58.207+05:30  WARN 26496 --- [           main] JpaBaseConfiguration$JpaWebConfiguration : spring.jpa.open-in-view is enabled by default. Therefore, database queries may be performed during view rendering. Explicitly configure spring.jpa.open-in-view to disable this warning
2026-05-02T11:42:58.538+05:30  INFO 26496 --- [           main] c.e.s.StudentCourseAppApplicationTests   : Started StudentCourseAppApplicationTests in 1.123 seconds (process running for 5.677)
Hibernate: 
    select
        count(*) 
    from
        students s1_0
Hibernate: 
    select
        count(*) 
    from
        courses c1_0
Hibernate: 
    insert 
    into
        courses
        (code, credits, description, name, id) 
    values
        (?, ?, ?, ?, default)
Hibernate: 
    insert 
    into
        courses
        (code, credits, description, name, id) 
    values
        (?, ?, ?, ?, default)
Hibernate: 
    insert 
    into
        courses
        (code, credits, description, name, id) 
    values
        (?, ?, ?, ?, default)
Hibernate: 
    insert 
    into
        courses
        (code, credits, description, name, id) 
    values
        (?, ?, ?, ?, default)
Hibernate: 
    insert 
    into
        courses
        (code, credits, description, name, id) 
    values
        (?, ?, ?, ?, default)
Hibernate: 
    insert 
    into
        courses
        (code, credits, description, name, id) 
    values
        (?, ?, ?, ?, default)
Hibernate: 
    insert 
    into
        courses
        (code, credits, description, name, id) 
    values
        (?, ?, ?, ?, default)
Hibernate: 
    insert 
    into
        courses
        (code, credits, description, name, id) 
    values
        (?, ?, ?, ?, default)
Hibernate: 
    insert 
    into
        courses
        (code, credits, description, name, id) 
    values
        (?, ?, ?, ?, default)
Hibernate: 
    insert 
    into
        courses
        (code, credits, description, name, id) 
    values
        (?, ?, ?, ?, default)
Hibernate: 
    insert 
    into
        students
        (age, department, email, name, id) 
    values
        (?, ?, ?, ?, default)
Hibernate: 
    insert 
    into
        students
        (age, department, email, name, id) 
    values
        (?, ?, ?, ?, default)
Hibernate: 
    insert 
    into
        students
        (age, department, email, name, id) 
    values
        (?, ?, ?, ?, default)
Hibernate: 
    insert 
    into
        students
        (age, department, email, name, id) 
    values
        (?, ?, ?, ?, default)
Hibernate: 
    insert 
    into
        students
        (age, department, email, name, id) 
    values
        (?, ?, ?, ?, default)
Hibernate: 
    insert 
    into
        students
        (age, department, email, name, id) 
    values
        (?, ?, ?, ?, default)
Hibernate: 
    insert 
    into
        students
        (age, department, email, name, id) 
    values
        (?, ?, ?, ?, default)
Hibernate: 
    insert 
    into
        students
        (age, department, email, name, id) 
    values
        (?, ?, ?, ?, default)
Hibernate: 
    insert 
    into
        students
        (age, department, email, name, id) 
    values
        (?, ?, ?, ?, default)
Hibernate: 
    insert 
    into
        students
        (age, department, email, name, id) 
    values
        (?, ?, ?, ?, default)
Hibernate: 
    select
        s1_0.id,
        s1_0.age,
        s1_0.department,
        s1_0.email,
        s1_0.name 
    from
        students s1_0 
    where
        s1_0.email=?
Hibernate: 
    select
        c1_0.id,
        c1_0.code,
        c1_0.credits,
        c1_0.description,
        c1_0.name 
    from
        courses c1_0 
    where
        c1_0.code=?
Hibernate: 
    select
        c1_0.id,
        c1_0.code,
        c1_0.credits,
        c1_0.description,
        c1_0.name 
    from
        courses c1_0 
    where
        c1_0.code=?
Hibernate: 
    select
        s1_0.id,
        s1_0.age,
        s1_0.department,
        s1_0.email,
        s1_0.name 
    from
        students s1_0 
    where
        s1_0.email=?
Hibernate: 
    select
        c1_0.id,
        c1_0.code,
        c1_0.credits,
        c1_0.description,
        c1_0.name 
    from
        courses c1_0 
    where
        c1_0.code=?
Hibernate: 
    select
        c1_0.id,
        c1_0.code,
        c1_0.credits,
        c1_0.description,
        c1_0.name 
    from
        courses c1_0 
    where
        c1_0.code=?
Hibernate: 
    select
        s1_0.id,
        s1_0.age,
        s1_0.department,
        s1_0.email,
        s1_0.name 
    from
        students s1_0 
    where
        s1_0.email=?
Hibernate: 
    select
        c1_0.id,
        c1_0.code,
        c1_0.credits,
        c1_0.description,
        c1_0.name 
    from
        courses c1_0 
    where
        c1_0.code=?
Sample data loaded successfully!
Hibernate: 
    insert 
    into
        student_courses
        (student_id, course_id) 
    values
        (?, ?)
Hibernate: 
    insert 
    into
        student_courses
        (student_id, course_id) 
    values
        (?, ?)
Hibernate: 
    insert 
    into
        student_courses
        (student_id, course_id) 
    values
        (?, ?)
Hibernate: 
    insert 
    into
        student_courses
        (student_id, course_id) 
    values
        (?, ?)
Hibernate: 
    insert 
    into
        student_courses
        (student_id, course_id) 
    values
        (?, ?)
[INFO] Tests run: 1, Failures: 0, Errors: 0, Skipped: 0, Time elapsed: 1.393 s -- in com.example.student_course_app.StudentCourseAppApplicationTests
[INFO] Running com.example.student_course_app.service.ServiceTests
[INFO] Tests run: 3, Failures: 0, Errors: 0, Skipped: 0, Time elapsed: 0.398 s -- in com.example.student_course_app.service.ServiceTests
[INFO] 
[INFO] Results:
[INFO] 
[INFO] Tests run: 7, Failures: 0, Errors: 0, Skipped: 0
[INFO] 
[INFO] ------------------------------------------------------------------------
[INFO] BUILD SUCCESS
[INFO] ------------------------------------------------------------------------
[INFO] Total time:  9.300 s
[INFO] Finished at: 2026-05-02T11:42:59+05:30
[INFO] ------------------------------------------------------------------------
